PS D:\git\htmlcss> cd D:\git\samural-terakoya
PS D:\git\samural-terakoya> mkdir git_challenge


    ディレクトリ: D:\git\samural-terakoya


Mode                 LastWriteTime         Length Name
----                 -------------         ------ ----
d-----        2025/09/24     19:59                git_challenge


PS D:\git\samural-terakoya> cd D:\git\samural-terakoya\git_challenge
PS D:\git\samural-terakoya\git_challenge> git init
Initialized empty Git repository in D:/git/samural-terakoya/git_challenge/.git/
PS D:\git\samural-terakoya\git_challenge> git add .
PS D:\git\samural-terakoya\git_challenge> git commit -m "hello_world.txtを追加"
[main (root-commit) e82871d] hello_world.txtを追加
 1 file changed, 1 insertion(+)
 create mode 100644 hello_world.txt
PS D:\git\samural-terakoya\git_challenge> git add .
PS D:\git\samural-terakoya\git_challenge> git commit -m "日本語訳を追記"
[main 70a364e] 日本語訳を追記
 1 file changed, 2 insertions(+), 1 deletion(-)
PS D:\git\samural-terakoya\git_challenge> git log --oneline
70a364e (HEAD -> main) 日本語訳を追記
e82871d hello_world.txtを追加